// Jest Snapshot v1, https://goo.gl/fbAQLP

exports[`ColorButton.vue renders the component 1`] = `<div class="color-button is-option-color" style="background-color: lightgray; color: lightgray;"></div>`;
