// Jest Snapshot v1, https://goo.gl/fbAQLP

exports[`PegItem.vue renders the component 1`] = `<div class="peg-item is-white"></div>`;
