// Jest Snapshot v1, https://goo.gl/fbAQLP

exports[`PegsList.vue renders the component list 1`] = `<div class="row-board--pegs"></div>`;
